Folder,"C:\Users\toby_\source\repos\DuplicateFileFinder\DuplicateFileFinderLibTests\bin\Debug\net6.0\TestData\TestDir1",78,2,,,-2
File,"C:\Users\toby_\source\repos\DuplicateFileFinder\DuplicateFileFinderLibTests\bin\Debug\net6.0\TestData\TestDir1\file1.txt",0,,".txt",D41D8CD98F00B204E9800998ECF8427E, -1
File,"C:\Users\toby_\source\repos\DuplicateFileFinder\DuplicateFileFinderLibTests\bin\Debug\net6.0\TestData\TestDir1\file2.txt",78,,".txt",A1A6C61C583A44697837BFE06267FD51, -1
Folder,"C:\Users\toby_\source\repos\DuplicateFileFinder\DuplicateFileFinderLibTests\bin\Debug\net6.0\TestData\TestDir1\folder1",0,0,,,-2
