File/Folder,Path,Size,File Count,Extension,MD5,Group
Folder,"C:\Users\toby_\source\repos\DuplicateFileFinder\DuplicateFileFinderLibTests\TestData\EmptyDir",0,0,,D41D8CD98F00B204E9800998ECF8427E,0
